Copyright 1986-2020 Xilinx, Inc. All Rights Reserved.
------------------------------------------------------------------------------------------------------------------------------------------------------------------------------------------------------------------------
| Tool Version : Vivado v.2020.1 (lin64) Build 2902540 Wed May 27 19:54:35 MDT 2020
| Date         : Wed May 12 12:49:50 2021
| Host         : ip-172-31-15-41.ec2.internal running 64-bit CentOS Linux release 7.7.1908 (Core)
| Command      : report_accelerator_utilization -kernels { vdot:WRAPPER_INST/CL/vdot_1/inst:vdot_1 vdot:WRAPPER_INST/CL/vdot_2/inst:vdot_2} -file ../../../output/kernel_util_routed.rpt -name kernel_util_routed -json
| Design       : top_sp
| Device       : xcvu9p
| Design State : Routed
------------------------------------------------------------------------------------------------------------------------------------------------------------------------------------------------------------------------

Accelerator Utilization Design Information

Table of Contents
-----------------
1. System Utilization

1. System Utilization
---------------------

+---------------------+------------------+------------------+-------------------+----------------+---------------+----------------+
| Name                | LUT              | LUTAsMem         | REG               | BRAM           | URAM          | DSP            |
+---------------------+------------------+------------------+-------------------+----------------+---------------+----------------+
| Platform            | 279104 [ 23.63%] |  40404 [  6.83%] |  443685 [ 18.78%] |  362 [ 16.76%] |  43 [  4.48%] |   12 [  0.18%] |
| User Budget         | 901880 [100.00%] | 551036 [100.00%] | 1918283 [100.00%] | 1798 [100.00%] | 917 [100.00%] | 6828 [100.00%] |
|    Used Resources   |  19181 [  2.13%] |   2208 [  0.40%] |   48862 [  2.55%] |    2 [  0.11%] |   0 [  0.00%] |   56 [  0.82%] |
|    Unused Resources | 882699 [ 97.87%] | 548828 [ 99.60%] | 1869421 [ 97.45%] | 1796 [ 99.89%] | 917 [100.00%] | 6772 [ 99.18%] |
| vdot                |  19181 [  2.13%] |   2208 [  0.40%] |   48862 [  2.55%] |    2 [  0.11%] |   0 [  0.00%] |   56 [  0.82%] |
|    vdot_1           |   9594 [  1.06%] |   1104 [  0.20%] |   24427 [  1.27%] |    1 [  0.06%] |   0 [  0.00%] |   28 [  0.41%] |
|    vdot_2           |   9587 [  1.06%] |   1104 [  0.20%] |   24435 [  1.27%] |    1 [  0.06%] |   0 [  0.00%] |   28 [  0.41%] |
+---------------------+------------------+------------------+-------------------+----------------+---------------+----------------+


