Copyright 1986-2020 Xilinx, Inc. All Rights Reserved.
--------------------------------------------------------------------------------------------------------------------------------------------------------------------------------------------------------------------------
| Tool Version : Vivado v.2020.1 (lin64) Build 2902540 Wed May 27 19:54:35 MDT 2020
| Date         : Wed May 12 10:26:47 2021
| Host         : ip-172-31-15-41.ec2.internal running 64-bit CentOS Linux release 7.7.1908 (Core)
| Command      : report_accelerator_utilization -kernels { vdot:WRAPPER_INST/CL/vdot_1/inst:vdot_1 vdot:WRAPPER_INST/CL/vdot_2/inst:vdot_2} -file ../../../output/kernel_util_synthed.rpt -name kernel_util_synthed -json
| Design       : top_sp
| Device       : xcvu9p
| Design State : Synthesized
--------------------------------------------------------------------------------------------------------------------------------------------------------------------------------------------------------------------------

Accelerator Utilization Design Information

Table of Contents
-----------------
1. System Utilization

1. System Utilization
---------------------

+---------------------+------------------+------------------+-------------------+----------------+---------------+----------------+
| Name                | LUT              | LUTAsMem         | REG               | BRAM           | URAM          | DSP            |
+---------------------+------------------+------------------+-------------------+----------------+---------------+----------------+
| Platform            | 317084 [ 26.83%] |  50740 [  8.57%] |  486422 [ 20.58%] |  371 [ 17.18%] |  43 [  4.48%] |   12 [  0.18%] |
| User Budget         | 864684 [100.00%] | 541100 [100.00%] | 1877114 [100.00%] | 1789 [100.00%] | 917 [100.00%] | 6828 [100.00%] |
|    Used Resources   |  20398 [  2.36%] |   3360 [  0.62%] |   48830 [  2.60%] |    2 [  0.11%] |   0 [  0.00%] |   56 [  0.82%] |
|    Unused Resources | 844286 [ 97.64%] | 537740 [ 99.38%] | 1828284 [ 97.40%] | 1787 [ 99.89%] | 917 [100.00%] | 6772 [ 99.18%] |
| vdot                |  20398 [  2.36%] |   3360 [  0.62%] |   48830 [  2.60%] |    2 [  0.11%] |   0 [  0.00%] |   56 [  0.82%] |
|    vdot_1           |  10199 [  1.18%] |   1680 [  0.31%] |   24415 [  1.30%] |    1 [  0.06%] |   0 [  0.00%] |   28 [  0.41%] |
|    vdot_2           |  10199 [  1.18%] |   1680 [  0.31%] |   24415 [  1.30%] |    1 [  0.06%] |   0 [  0.00%] |   28 [  0.41%] |
+---------------------+------------------+------------------+-------------------+----------------+---------------+----------------+


