Copyright 1986-2020 Xilinx, Inc. All Rights Reserved.
--------------------------------------------------------------------------------------------------------------------------------------------------------------------------------
| Tool Version : Vivado v.2020.1 (lin64) Build 2902540 Wed May 27 19:54:35 MDT 2020
| Date         : Tue May 11 06:41:54 2021
| Host         : ip-172-31-1-76.ec2.internal running 64-bit CentOS Linux release 7.7.1908 (Core)
| Command      : report_accelerator_utilization -kernels { vdot:WRAPPER_INST/CL/vdot_1/inst:vdot_1} -file ../../../output/kernel_util_routed.rpt -name kernel_util_routed -json
| Design       : top_sp
| Device       : xcvu9p
| Design State : Routed
--------------------------------------------------------------------------------------------------------------------------------------------------------------------------------

Accelerator Utilization Design Information

Table of Contents
-----------------
1. System Utilization

1. System Utilization
---------------------

+---------------------+------------------+------------------+-------------------+----------------+---------------+----------------+
| Name                | LUT              | LUTAsMem         | REG               | BRAM           | URAM          | DSP            |
+---------------------+------------------+------------------+-------------------+----------------+---------------+----------------+
| Platform            | 235316 [ 19.93%] |  30424 [  5.14%] |  361364 [ 15.30%] |  318 [ 14.72%] |  43 [  4.48%] |    9 [  0.13%] |
| User Budget         | 945668 [100.00%] | 561016 [100.00%] | 2000604 [100.00%] | 1842 [100.00%] | 917 [100.00%] | 6831 [100.00%] |
|    Used Resources   |   8969 [  0.95%] |   1082 [  0.19%] |   15311 [  0.77%] |    1 [  0.05%] |   0 [  0.00%] |   21 [  0.31%] |
|    Unused Resources | 936699 [ 99.05%] | 559934 [ 99.81%] | 1985293 [ 99.23%] | 1841 [ 99.95%] | 917 [100.00%] | 6810 [ 99.69%] |
| vdot                |   8969 [  0.95%] |   1082 [  0.19%] |   15311 [  0.77%] |    1 [  0.05%] |   0 [  0.00%] |   21 [  0.31%] |
|    vdot_1           |   8969 [  0.95%] |   1082 [  0.19%] |   15311 [  0.77%] |    1 [  0.05%] |   0 [  0.00%] |   21 [  0.31%] |
+---------------------+------------------+------------------+-------------------+----------------+---------------+----------------+


