Copyright 1986-2020 Xilinx, Inc. All Rights Reserved.
----------------------------------------------------------------------------------------------------------------------------------------------------------------------------------
| Tool Version : Vivado v.2020.1 (lin64) Build 2902540 Wed May 27 19:54:35 MDT 2020
| Date         : Tue May 11 05:16:52 2021
| Host         : ip-172-31-1-76.ec2.internal running 64-bit CentOS Linux release 7.7.1908 (Core)
| Command      : report_accelerator_utilization -kernels { vdot:WRAPPER_INST/CL/vdot_1/inst:vdot_1} -file ../../../output/kernel_util_synthed.rpt -name kernel_util_synthed -json
| Design       : top_sp
| Device       : xcvu9p
| Design State : Synthesized
----------------------------------------------------------------------------------------------------------------------------------------------------------------------------------

Accelerator Utilization Design Information

Table of Contents
-----------------
1. System Utilization

1. System Utilization
---------------------

+---------------------+------------------+------------------+-------------------+----------------+---------------+----------------+
| Name                | LUT              | LUTAsMem         | REG               | BRAM           | URAM          | DSP            |
+---------------------+------------------+------------------+-------------------+----------------+---------------+----------------+
| Platform            | 266481 [ 22.55%] |  37405 [  6.32%] |  389117 [ 16.46%] |  327 [ 15.14%] |  43 [  4.48%] |    9 [  0.13%] |
| User Budget         | 915287 [100.00%] | 554435 [100.00%] | 1974419 [100.00%] | 1833 [100.00%] | 917 [100.00%] | 6831 [100.00%] |
|    Used Resources   |   9547 [  1.04%] |   1642 [  0.30%] |   15287 [  0.77%] |    1 [  0.05%] |   0 [  0.00%] |   21 [  0.31%] |
|    Unused Resources | 905740 [ 98.96%] | 552793 [ 99.70%] | 1959132 [ 99.23%] | 1832 [ 99.95%] | 917 [100.00%] | 6810 [ 99.69%] |
| vdot                |   9547 [  1.04%] |   1642 [  0.30%] |   15287 [  0.77%] |    1 [  0.05%] |   0 [  0.00%] |   21 [  0.31%] |
|    vdot_1           |   9547 [  1.04%] |   1642 [  0.30%] |   15287 [  0.77%] |    1 [  0.05%] |   0 [  0.00%] |   21 [  0.31%] |
+---------------------+------------------+------------------+-------------------+----------------+---------------+----------------+


